11:13:26 [INFO] ============================================================
11:13:26 [INFO] GraphSAGE 欺诈检测模型 训练开始
11:13:26 [INFO]   CSV     : E:/Hackathon/archive/PS_20174392719_1491204439457_log.csv
11:13:26 [INFO]   Steps   : 100
11:13:26 [INFO]   Hidden  : 32
11:13:26 [INFO]   Layers  : 2
11:13:26 [INFO]   Dropout : 0.30
11:13:26 [INFO]   LR      : 0.0010
11:13:26 [INFO]   Epochs  : 50 (早停耐心 15)
11:13:26 [INFO]   Device  : cpu
11:13:26 [INFO] ============================================================
11:13:26 [INFO] [Step 1/4] 构建异质图...
11:13:26 [INFO] 读取: E:/Hackathon/archive/PS_20174392719_1491204439457_log.csv
11:13:28 [INFO] 加载完成: 1059516 条交易 | 欺诈: 1190 (0.112%)
11:13:28 [INFO] 构建 Customer 节点特征...
11:13:30 [INFO] Customer 节点(degree>=2, 含欺诈节点): 80486
11:13:31 [INFO] 欺诈 Customer: 1190 / 80486 (1.479%)
11:13:31 [INFO] 构建边索引...
11:13:31 [INFO] ('customer','transfer','customer')       638 条
11:13:31 [INFO] ('customer','cashout','customer')        801 条
11:13:31 [INFO] HeteroData 构建完成: 80486 customer 节点, 0 merchant 节点, 2 种边类型
11:13:31 [INFO] 图摘要: customer(80486 节点, 8 特征维) | merchant(0 节点, 0 特征维)
11:13:31 [INFO]   边 ('customer', 'transfer', 'customer')          638 条
11:13:31 [INFO]   边 ('customer', 'cashout', 'customer')           801 条
11:13:31 [INFO] [Step 2/4] 初始化模型...
11:13:32 [INFO] 模型参数量: 17473
11:13:32 [INFO] [Step 3/4] 开始训练...
11:13:32 [INFO] 使用设备: cpu
11:13:32 [INFO] 正负样本: 1190 欺诈 / 79296 正常 | pos_weight = 66.6
11:13:32 [INFO] 节点划分: 56340 训练 / 12072 验证 / 12074 测试
11:13:32 [INFO] 开始训练，最大 50 轮，早停耐心 15
11:13:32 [INFO] Epoch    TrainLoss    ValLoss      ValF1      ValAUC    
11:13:32 [INFO] 1        1.9957       1.6360       0.0000     0.0223    
11:13:35 [INFO] 10       1.1711       1.0826       0.8710     0.9982    
11:13:38 [INFO] 20       0.7535       0.6404       0.8136     0.9982    
11:13:38 [INFO] 早停触发（15 轮无提升）| 最佳 Val F1: 0.8939
11:13:38 [INFO] ============================================================
11:13:38 [INFO] 测试集结果
11:13:38 [INFO]   Loss   : 1.1946
11:13:38 [INFO]   F1     : 0.9086
11:13:38 [INFO]   AUC-ROC: 0.9990
11:13:38 [INFO]   AUC-PR : 0.9349
11:13:38 [INFO] 
              precision    recall  f1-score   support

          正常       1.00      1.00      1.00     11895
          欺诈       0.83      1.00      0.91       179

    accuracy                           1.00     12074
   macro avg       0.92      1.00      0.95     12074
weighted avg       1.00      1.00      1.00     12074

11:13:38 [INFO] 最优阈值（目标召回率 80%）: 0.50  |  验证 F1: 0.8939
11:13:38 [INFO] [Step 4/4] 保存 builder...
11:13:38 [INFO] [Step 5/5] 生成欺诈概率查询表...
11:13:39 [INFO] 已保存 80486 个账户的欺诈概率 → checkpoints\fraud_probs.json
11:13:39 [INFO]   高风险(>=0.7): 1 个账户
11:13:39 [INFO]   中风险(0.3~0.7): 80380 个账户
11:13:39 [INFO] ============================================================
11:13:39 [INFO] 训练完成！
11:13:39 [INFO]   模型权重 : checkpoints/best_model.pt
11:13:39 [INFO]   Builder  : checkpoints\builder.pkl
11:13:39 [INFO]   配置文件 : checkpoints\model_config.pt
11:13:39 [INFO]   欺诈概率 : checkpoints\fraud_probs.json
11:13:39 [INFO]   最佳 Val F1      : 0.8939
11:13:39 [INFO]   推荐分类阈值     : 0.50
11:13:39 [INFO] 运行 Demo: python demo.py
